ERROR:  Destination and Repository Root paths should be relative to where you are calling GenHook from (the root of your repository).
