There once was a task named HOOK
Who had a hook named JACK
They happily lived at PIRATE BAY

Task, HOOK, and hook, JACK, are quite ["DASHING","ADVENTUROUS"]