ERROR:  Destination, Task Runner Root, and Hooks paths should be relative to where you are calling GenHook from (the root of your repository).
